// Jest Snapshot v1, https://goo.gl/fbAQLP

exports[`matches the snapshot 1`] = `
<div>
  <div>
    <p
      data-testid="loading"
    >
      Loading
    </p>
  </div>
</div>
`;
